------------------------------------------------------------
TimeQuest Timing Analyzer Summary
------------------------------------------------------------

Type  : Slow 1100mV 85C Model Setup 'CLOCK_50'
Slack : -5.518
TNS   : -147.455

Type  : Slow 1100mV 85C Model Hold 'CLOCK_50'
Slack : 0.223
TNS   : 0.000

Type  : Slow 1100mV 85C Model Minimum Pulse Width 'CLOCK_50'
Slack : -0.394
TNS   : -27.805

Type  : Slow 1100mV 0C Model Setup 'CLOCK_50'
Slack : -5.551
TNS   : -146.922

Type  : Slow 1100mV 0C Model Hold 'CLOCK_50'
Slack : 0.203
TNS   : 0.000

Type  : Slow 1100mV 0C Model Minimum Pulse Width 'CLOCK_50'
Slack : -0.394
TNS   : -29.865

Type  : Fast 1100mV 85C Model Setup 'CLOCK_50'
Slack : -2.721
TNS   : -65.683

Type  : Fast 1100mV 85C Model Hold 'CLOCK_50'
Slack : 0.132
TNS   : 0.000

Type  : Fast 1100mV 85C Model Minimum Pulse Width 'CLOCK_50'
Slack : -0.091
TNS   : -4.693

Type  : Fast 1100mV 0C Model Setup 'CLOCK_50'
Slack : -2.475
TNS   : -57.891

Type  : Fast 1100mV 0C Model Hold 'CLOCK_50'
Slack : 0.121
TNS   : 0.000

Type  : Fast 1100mV 0C Model Minimum Pulse Width 'CLOCK_50'
Slack : -0.090
TNS   : -4.662

------------------------------------------------------------
