------------------------------------------------------------
TimeQuest Timing Analyzer Summary
------------------------------------------------------------

Type  : Slow 1100mV 85C Model Setup 'CLOCK_50'
Slack : -3.094
TNS   : -91.663

Type  : Slow 1100mV 85C Model Hold 'CLOCK_50'
Slack : 0.379
TNS   : 0.000

Type  : Slow 1100mV 85C Model Minimum Pulse Width 'CLOCK_50'
Slack : -0.394
TNS   : -16.670

Type  : Slow 1100mV 0C Model Setup 'CLOCK_50'
Slack : -3.056
TNS   : -90.980

Type  : Slow 1100mV 0C Model Hold 'CLOCK_50'
Slack : 0.378
TNS   : 0.000

Type  : Slow 1100mV 0C Model Minimum Pulse Width 'CLOCK_50'
Slack : -0.394
TNS   : -17.698

Type  : Fast 1100mV 85C Model Setup 'CLOCK_50'
Slack : -1.319
TNS   : -37.743

Type  : Fast 1100mV 85C Model Hold 'CLOCK_50'
Slack : 0.200
TNS   : 0.000

Type  : Fast 1100mV 85C Model Minimum Pulse Width 'CLOCK_50'
Slack : -0.094
TNS   : -2.882

Type  : Fast 1100mV 0C Model Setup 'CLOCK_50'
Slack : -1.145
TNS   : -32.750

Type  : Fast 1100mV 0C Model Hold 'CLOCK_50'
Slack : 0.190
TNS   : 0.000

Type  : Fast 1100mV 0C Model Minimum Pulse Width 'CLOCK_50'
Slack : -0.090
TNS   : -2.823

------------------------------------------------------------
