------------------------------------------------------------
TimeQuest Timing Analyzer Summary
------------------------------------------------------------

Type  : Slow 1100mV 85C Model Setup 'KEY[0]'
Slack : -0.550
TNS   : -2.778

Type  : Slow 1100mV 85C Model Hold 'KEY[0]'
Slack : 0.375
TNS   : 0.000

Type  : Slow 1100mV 85C Model Minimum Pulse Width 'KEY[0]'
Slack : -0.394
TNS   : -5.587

Type  : Slow 1100mV 0C Model Setup 'KEY[0]'
Slack : -0.585
TNS   : -3.086

Type  : Slow 1100mV 0C Model Hold 'KEY[0]'
Slack : 0.391
TNS   : 0.000

Type  : Slow 1100mV 0C Model Minimum Pulse Width 'KEY[0]'
Slack : -0.394
TNS   : -5.173

Type  : Fast 1100mV 85C Model Setup 'KEY[0]'
Slack : 0.127
TNS   : 0.000

Type  : Fast 1100mV 85C Model Hold 'KEY[0]'
Slack : 0.183
TNS   : 0.000

Type  : Fast 1100mV 85C Model Minimum Pulse Width 'KEY[0]'
Slack : -0.341
TNS   : -2.916

Type  : Fast 1100mV 0C Model Setup 'KEY[0]'
Slack : 0.163
TNS   : 0.000

Type  : Fast 1100mV 0C Model Hold 'KEY[0]'
Slack : 0.172
TNS   : 0.000

Type  : Fast 1100mV 0C Model Minimum Pulse Width 'KEY[0]'
Slack : -0.320
TNS   : -2.729

------------------------------------------------------------
