------------------------------------------------------------
TimeQuest Timing Analyzer Summary
------------------------------------------------------------

Type  : Slow 1100mV 85C Model Setup 'CLOCK_50'
Slack : -1.845
TNS   : -22.935

Type  : Slow 1100mV 85C Model Hold 'CLOCK_50'
Slack : 0.225
TNS   : 0.000

Type  : Slow 1100mV 85C Model Minimum Pulse Width 'CLOCK_50'
Slack : -0.394
TNS   : -16.317

Type  : Slow 1100mV 0C Model Setup 'CLOCK_50'
Slack : -1.805
TNS   : -20.629

Type  : Slow 1100mV 0C Model Hold 'CLOCK_50'
Slack : 0.209
TNS   : 0.000

Type  : Slow 1100mV 0C Model Minimum Pulse Width 'CLOCK_50'
Slack : -0.394
TNS   : -17.217

Type  : Fast 1100mV 85C Model Setup 'CLOCK_50'
Slack : -0.552
TNS   : -2.914

Type  : Fast 1100mV 85C Model Hold 'CLOCK_50'
Slack : 0.146
TNS   : 0.000

Type  : Fast 1100mV 85C Model Minimum Pulse Width 'CLOCK_50'
Slack : -0.093
TNS   : -2.815

Type  : Fast 1100mV 0C Model Setup 'CLOCK_50'
Slack : -0.448
TNS   : -2.222

Type  : Fast 1100mV 0C Model Hold 'CLOCK_50'
Slack : 0.133
TNS   : 0.000

Type  : Fast 1100mV 0C Model Minimum Pulse Width 'CLOCK_50'
Slack : -0.089
TNS   : -2.697

------------------------------------------------------------
